$ gpr2build -q -Plibrary_interface/demo.gpr -p --json-summary
$ gpr2build -q -Plibrary_interface/app.gpr -p --json-summary
lib [library_interface] has been created
Ok so far
$ library_interface/main
1+1 =  2
1-1 =  0

$ gpr2build -Plibrary_interface/invalid_app.gpr -p --json-summary
"obj/invalid_app/" created
main.adb: error: unit "MAIN" can not import unit "FOO": it is not part of the interfaces of the project Demo
gprbuild: processing failed
$ gpr2build -q -Pinterfaces/demo.gpr -p --json-summary
$ gpr2build -q -Pinterfaces/app.gpr -p --json-summary
lib [interfaces] has been created
Ok so far
$ interfaces/main
1+1 =  2
1-1 =  0

$ gpr2build -Pinterfaces/invalid_app.gpr -p --json-summary
"obj/invalid_app/" created
main.adb: error: unit "MAIN" can not import unit "FOO": it is not part of the interfaces of the project Demo
gprbuild: processing failed
