--- 1
$ gprinspect -r --display=json -Pprj/prj -XTEST_ROOT_DIR=/prj --relocate-build-tree=tmp
prj.gpr:3:37: warning: "/prj/obj" cannot relocate absolute object directory
prj.gpr:4:35: warning: "/prj/exec" cannot relocate absolute exec directory
lib.obj_dir = tmp/obj-lib
prj.obj_dir = prj/obj
--- 2
$ gprinspect -r --display=json -Pprj/prj -XTEST_ROOT_DIR=/prj
lib.obj_dir = prj/obj-lib
prj.obj_dir = prj/obj
--- 3
$ gprinspect -r --display=json -Pprj/prj --relocate-build-tree=tmp
lib.obj_dir = tmp/obj-lib
prj.obj_dir = tmp/obj
--- 4
$ gprinspect -r --display=json -Pprj/prj
lib.obj_dir = prj/obj-lib
prj.obj_dir = prj/obj
--- 5
$ gprinspect -r --display=json -Pprj/subdir/prj --relocate-build-tree=tmp
gprinspect: "prj/subdir/prj.gpr" processing failed
lib.gpr:3:22: error: "/tmp/../obj-lib/" cannot relocate object directory deeper than relocated build tree,
lib.gpr:4:23: error: "/tmp/../lib/" cannot relocate library directory deeper than relocated build tree,
--- 6
$ gprinspect -r --display=json -Pprj/subdir/prj --relocate-build-tree=tmp --root-dir=prj
lib.obj_dir = tmp/obj-lib
prj.obj_dir = tmp/subdir/obj
