$ gprbuild -P demo.gpr -q -p --json-summary -j1 -u
[Ada Compile] main.adb (demo.gpr)
[Ada Compile] main2.adb (demo.gpr)
$ gprbuild -P demo.gpr -q -p --json-summary -j1 -U
[Ada Compile] main.adb (demo.gpr)
[Ada Compile] main2.adb (demo.gpr)
[Ada Compile] pkg.ads (lib1.gpr)
[Ada Compile] pkg2.ads (lib2.gpr)
[C Compile] hello.c (lib2.gpr)
$ gprbuild -P abst.gpr -q -p --json-summary -j1 -u pkg2.ads
[Ada Compile] pkg2.ads (lib2.gpr)
$ gprbuild -P abst.gpr -q -p --json-summary -j1 -U pkg2.ads
[Ada Compile] pkg2.ads (lib2.gpr)
$ gprbuild -P abst.gpr -q -p --json-summary -j1 -U hello.c
[C Compile] hello.c (lib2.gpr)
$ gprbuild -P abst.gpr -q -p --json-summary -j1 -U non_existing.ads
abst.gpr: error: "non_existing.ads" was not found in the sources of any project
gprbuild: processing failed
$ gprbuild -P abst.gpr -q -p --json-summary -j1 -c pkg2.ads
[Ada Compile] pkg.ads (lib1.gpr)
[Ada Compile] pkg2.ads (lib2.gpr)
[C Compile] hello.c (lib2.gpr)
$ gprbuild -P demo.gpr -q -p --json-summary -j1 main.adb -c
[Ada Compile] main.adb (demo.gpr)
[Ada Compile] pkg.ads (lib1.gpr)
[Ada Compile] pkg2.ads (lib2.gpr)
[C Compile] hello.c (lib2.gpr)
$ gprbuild -P demo.gpr -q -p --json-summary -j1 main.adb -l
$ gprbuild -P demo.gpr -q -p --json-summary -j1 main.adb -b
[Ada Bind] main (demo.gpr)
[Ada Post-Bind] b__main.adb (demo.gpr)
[Archive] liblib1.a (lib1.gpr)
[Archive] liblib2.a (lib2.gpr)
$ gprbuild -P demo.gpr -q -p --json-summary -j1 main.adb -l
[Link] main (demo.gpr)
$ ./main
I'm main
I'm Pkg
I'm Pkg2

$ gprbuild -P demo.gpr -p -j1 main.adb -b
Action [Ada Compile] main.adb (demo.gpr) has been deactivated, but its signature is invalid. As a result, the following dependent action(s) will not be executed:
   * [Ada Bind] main (demo.gpr)
Action [Ada Compile] pkg.ads (lib1.gpr) has been deactivated, but its signature is invalid. As a result, the following dependent action(s) will not be executed:
   * [Ada Bind] main (demo.gpr)
   * [Archive] liblib1.a (lib1.gpr)
Action [Ada Compile] pkg2.ads (lib2.gpr) has been deactivated, but its signature is invalid. As a result, the following dependent action(s) will not be executed:
   * [Ada Bind] main (demo.gpr)
   * [Archive] liblib2.a (lib2.gpr)
Action [C Compile] hello.c (lib2.gpr) has been deactivated, but its signature is invalid. As a result, the following dependent action(s) will not be executed:
   * [Archive] liblib2.a (lib2.gpr)
$ gprbuild -P demo.gpr -p -j1 main.adb -l
Action [Ada Compile] main.adb (demo.gpr) has been deactivated, but its signature is invalid. As a result, the following dependent action(s) will not be executed:
   * [Link] main (demo.gpr)
Action [Ada Compile] pkg.ads (lib1.gpr) has been deactivated, but its signature is invalid. As a result, the following dependent action(s) will not be executed:
   * [Link] main (demo.gpr)
Action [Ada Compile] pkg2.ads (lib2.gpr) has been deactivated, but its signature is invalid. As a result, the following dependent action(s) will not be executed:
   * [Link] main (demo.gpr)
Action [C Compile] hello.c (lib2.gpr) has been deactivated, but its signature is invalid. As a result, the following dependent action(s) will not be executed:
   * [Link] main (demo.gpr)
$ gprbuild -P demo.gpr -p -j1 main.adb -c
[Ada Compile]     main.adb
[Ada Compile]     pkg.ads
[Ada Compile]     pkg2.ads
[C Compile]       hello.c
$ gprbuild -P demo.gpr -p -j1 main.adb -l
Action [Archive] liblib1.a (lib1.gpr) has been deactivated, but its signature is invalid. As a result, the following dependent action(s) will not be executed:
   * [Link] main (demo.gpr)
Action [Archive] liblib2.a (lib2.gpr) has been deactivated, but its signature is invalid. As a result, the following dependent action(s) will not be executed:
   * [Link] main (demo.gpr)
$ gprbuild -P demo.gpr -p -j1 main.adb -b
[Archive]         liblib1.a
[Archive]         liblib2.a
[Ada Bind]        main
$ gprbuild -P demo.gpr -p -j1 main.adb -l
[Link]            main
