$ gprbuild prj.gpr -q
prj.gpr: error: "main.c" cannot import "imp/titi.h":
 it is not part of the interfaces of its project "Imp"
$ gprbuild prj.gpr -q
prj.gpr: error: "main.c" cannot import "imp/titi.h":
 it is not part of the interfaces of its project "Imp"
$ gprbuild -f prj2.gpr -q
prj2.gpr: error: unit "MAIN" can not import unit "PKG2":
 it is not part of the interfaces of the project Imp2
$ gprbuild -f prj3.gpr -q
prj3.gpr: error: unit "MAIN" can not import unit "PKG2":
 it is not part of the interfaces of the project Imp2
$ gprbuild -f prj4.gpr -q
$ gprbuild -f prj5.gpr -q
$ gprbuild -f prj6.gpr -q
prj6.gpr: error: unit "MAIN" can not import unit "PKG2":
 it is not part of the interfaces of the project Prj5
$ gprbuild -f --no-indirect-imports direct/prj.gpr -k -q
main2.adb: error: unit "MAIN2" cannot import unit "PKG2:
 "Prj" does not directly import project "Imp2"
prj.gpr: error: "toto.c" cannot import "imp1/imp2/titi.h":
 it is not part of the interfaces of its project "Imp2"
prj.gpr: error: "toto.c" cannot import "imp1/imp2/titi.h:
 "Prj" does not directly import project "Imp2"
